CHECK check-frontend

> frontend@0.1.0 test
> vitest run

The plugin "vite-tsconfig-paths" is detected. Vite now supports tsconfig paths resolution natively via the resolve.tsconfigPaths option. You can remove the plugin and set resolve.tsconfigPaths: true in your Vite config instead.

[1m[30m[46m RUN [49m[39m[22m [36mv4.1.7 [39m[90m/home/dino/Decentralflix/apps/frontend[39m

 [32m✓[39m lib/copy-honesty.test.ts [2m([22m[2m3 tests[22m[2m)[22m[32m 18[2mms[22m[39m
 [32m✓[39m lib/indexer.test.ts [2m([22m[2m11 tests[22m[2m)[22m[32m 14[2mms[22m[39m
 [32m✓[39m lib/licensing.test.ts [2m([22m[2m5 tests[22m[2m)[22m[32m 7[2mms[22m[39m
 [32m✓[39m lib/web3/detect.test.ts [2m([22m[2m16 tests[22m[2m)[22m[32m 22[2mms[22m[39m
 [32m✓[39m lib/pricing.test.ts [2m([22m[2m14 tests[22m[2m)[22m[32m 16[2mms[22m[39m
 [32m✓[39m lib/web3/connect.test.ts [2m([22m[2m16 tests[22m[2m)[22m[32m 25[2mms[22m[39m
 [32m✓[39m lib/contracts/abi-drift.test.ts [2m([22m[2m14 tests[22m[2m)[22m[32m 49[2mms[22m[39m
 [32m✓[39m lib/contracts/config.test.ts [2m([22m[2m8 tests[22m[2m)[22m[32m 13[2mms[22m[39m
 [32m✓[39m lib/demo-content.test.ts [2m([22m[2m15 tests[22m[2m)[22m[32m 17[2mms[22m[39m
 [32m✓[39m lib/web3/contracts.test.ts [2m([22m[2m5 tests[22m[2m)[22m[32m 11[2mms[22m[39m
 [32m✓[39m lib/web3/useWeb3Wallet.test.ts [2m([22m[2m2 tests[22m[2m)[22m[32m 12[2mms[22m[39m
 [32m✓[39m lib/web3/wrappers/dflix.test.ts [2m([22m[2m42 tests[22m[2m)[22m[32m 25[2mms[22m[39m
 [32m✓[39m lib/web3/wrappers/ticketNft.test.ts [2m([22m[2m32 tests[22m[2m)[22m[32m 23[2mms[22m[39m
 [32m✓[39m lib/web3/wrappers/payPerView.test.ts [2m([22m[2m11 tests[22m[2m)[22m[32m 11[2mms[22m[39m
 [32m✓[39m lib/web3/wrappers/subscriptionManager.test.ts [2m([22m[2m17 tests[22m[2m)[22m[32m 14[2mms[22m[39m

[2m Test Files [22m [1m[32m15 passed[39m[22m[90m (15)[39m
[2m      Tests [22m [1m[32m211 passed[39m[22m[90m (211)[39m
[2m   Start at [22m 03:14:11
[2m   Duration [22m 770ms[2m (transform 3.24s, setup 0ms, import 5.56s, tests 276ms, environment 2ms)[22m

